// Jest Snapshot v1, https://goo.gl/fbAQLP

exports[`Path content test Responses replace selected content type on selecting 1`] = `[Function]`;

exports[`Path content test tests default created schema 1`] = `[Function]`;
