// Jest Snapshot v1, https://goo.gl/fbAQLP

exports[`App tests matches snapshots 1`] = `[Function]`;
